Loading chess engine model...
Using device: cuda
Warning: Strict loading failed, trying flexible loading: Error(s) in loading state_dict for PolicyValueResNet:
	Missing key(s) in state_dict: "policy_head.3.weight", "policy_head.3.bias". 
	Unexpected key(s) in state_dict: "policy_head.4.weight", "policy_head.4.bias". 
Missing keys (will use random initialization): ['policy_head.3.weight', 'policy_head.3.bias']
Unexpected keys (ignored): ['policy_head.4.weight', 'policy_head.4.bias']
Model loaded successfully
Chess engine initialized
INFO:     Started server process [589606]
INFO:     Waiting for application startup.
INFO:     Application startup complete.
INFO:     Uvicorn running on http://0.0.0.0:5058 (Press CTRL+C to quit)
pgn 1. e4
INFO:src.utils.decorator:Model stdout/stderr:
Cooking move with chess engine...
NN forward (root): 385.5 ms
Top 5 moves from model:
  1. f7f5: 0.0578 (5.78%)
  2. f7f6: 0.0570 (5.70%)
  3. d7d5: 0.0552 (5.52%)
  4. d7d6: 0.0551 (5.51%)
  5. c7c6: 0.0535 (5.35%)
Decision mode: Greedy policy (opening, ply 1)
Using top policy move: f7f5 (prob 0.0578)
Final decision mode: Greedy policy
Selected move: f7f5

INFO:     127.0.0.1:39884 - "POST /move HTTP/1.1" 200 OK
INFO:     127.0.0.1:45616 - "POST / HTTP/1.1" 200 OK
pgn 1. d4
INFO:src.utils.decorator:Model stdout/stderr:
Cooking move with chess engine...
NN forward (root): 191.1 ms
Top 5 moves from model:
  1. f7f5: 0.0582 (5.82%)
  2. f7f6: 0.0567 (5.67%)
  3. d7d6: 0.0553 (5.53%)
  4. d7d5: 0.0552 (5.52%)
  5. e7e5: 0.0549 (5.49%)
Decision mode: Greedy policy (opening, ply 1)
Using top policy move: f7f5 (prob 0.0582)
Final decision mode: Greedy policy
Selected move: f7f5

INFO:     127.0.0.1:45618 - "POST /move HTTP/1.1" 200 OK
pgn 1. d4 f5 2. Bf4
INFO:src.utils.decorator:Model stdout/stderr:
Cooking move with chess engine...
NN forward (root): 42.1 ms
Top 5 moves from model:
  1. d7d6: 0.0605 (6.05%)
  2. e7e5: 0.0595 (5.95%)
  3. d7d5: 0.0587 (5.87%)
  4. c7c5: 0.0571 (5.71%)
  5. c7c6: 0.0568 (5.68%)
Decision mode: Greedy policy (opening, ply 3)
Using top policy move: d7d6 (prob 0.0605)
Final decision mode: Greedy policy
Selected move: d7d6

INFO:     127.0.0.1:45618 - "POST /move HTTP/1.1" 200 OK
INFO:     127.0.0.1:56580 - "POST / HTTP/1.1" 200 OK
pgn 1. d4 f5 2. Bf4 d6 3. e3
INFO:src.utils.decorator:Model stdout/stderr:
Cooking move with chess engine...
NN forward (root): 181.2 ms
Top 5 moves from model:
  1. c7c5: 0.0498 (4.98%)
  2. c7c6: 0.0495 (4.95%)
  3. e7e6: 0.0479 (4.79%)
  4. e7e5: 0.0475 (4.75%)
  5. h7h6: 0.0472 (4.72%)
Decision mode: Greedy policy (opening, ply 5)
Using top policy move: c7c5 (prob 0.0498)
Final decision mode: Greedy policy
Selected move: c7c5

INFO:     127.0.0.1:56594 - "POST /move HTTP/1.1" 200 OK
pgn 1. d4 f5 2. Bf4 d6 3. e3 c5 4. Nf3
INFO:src.utils.decorator:Model stdout/stderr:
Cooking move with chess engine...
NN forward (root): 123.4 ms
Top 5 moves from model:
  1. d8c7: 0.0472 (4.72%)
  2. d8b6: 0.0471 (4.71%)
  3. d8a5: 0.0467 (4.67%)
  4. c5c4: 0.0426 (4.26%)
  5. e7e6: 0.0422 (4.22%)
Decision mode: Greedy policy (opening, ply 7)
Using top policy move: d8c7 (prob 0.0472)
Final decision mode: Greedy policy
Selected move: d8c7

INFO:     127.0.0.1:56594 - "POST /move HTTP/1.1" 200 OK
INFO:     127.0.0.1:41604 - "POST / HTTP/1.1" 200 OK
pgn 1. d4 f5 2. Bf4 d6 3. e3 c5 4. Nf3 Qc7 5. Nbd2
INFO:src.utils.decorator:Model stdout/stderr:
Cooking move with chess engine...
NN forward (root): 187.8 ms
Top 5 moves from model:
  1. e8d8: 0.0417 (4.17%)
  2. c7b6: 0.0406 (4.06%)
  3. c7d8: 0.0403 (4.03%)
  4. c7d7: 0.0400 (4.00%)
  5. c7a5: 0.0397 (3.97%)
Decision mode: Greedy policy (opening, ply 9)
Using top policy move: e8d8 (prob 0.0417)
Final decision mode: Greedy policy
Selected move: e8d8

INFO:     127.0.0.1:56594 - "POST /move HTTP/1.1" 200 OK
INFO:     127.0.0.1:33250 - "POST / HTTP/1.1" 200 OK
pgn 1. d4
INFO:src.utils.decorator:Model stdout/stderr:
Cooking move with chess engine...
NN forward (root): 162.6 ms
Top 5 moves from model:
  1. f7f5: 0.0582 (5.82%)
  2. f7f6: 0.0567 (5.67%)
  3. d7d6: 0.0553 (5.53%)
  4. d7d5: 0.0552 (5.52%)
  5. e7e5: 0.0549 (5.49%)
Decision mode: Greedy policy (opening, ply 1)
Using top policy move: f7f5 (prob 0.0582)
Final decision mode: Greedy policy
Selected move: f7f5

INFO:     127.0.0.1:33260 - "POST /move HTTP/1.1" 200 OK
pgn 1. d4 f5 2. Bf4
INFO:src.utils.decorator:Model stdout/stderr:
Cooking move with chess engine...
NN forward (root): 122.1 ms
Top 5 moves from model:
  1. d7d6: 0.0605 (6.05%)
  2. e7e5: 0.0595 (5.95%)
  3. d7d5: 0.0587 (5.87%)
  4. c7c5: 0.0571 (5.71%)
  5. c7c6: 0.0568 (5.68%)
Decision mode: Greedy policy (opening, ply 3)
Using top policy move: d7d6 (prob 0.0605)
Final decision mode: Greedy policy
Selected move: d7d6

INFO:     127.0.0.1:33260 - "POST /move HTTP/1.1" 200 OK
INFO:     127.0.0.1:33158 - "POST / HTTP/1.1" 200 OK
pgn 1. d4
INFO:src.utils.decorator:Model stdout/stderr:
Cooking move with chess engine...
NN forward (root): 171.5 ms
Top 5 moves from model:
  1. f7f5: 0.0582 (5.82%)
  2. f7f6: 0.0567 (5.67%)
  3. d7d6: 0.0553 (5.53%)
  4. d7d5: 0.0552 (5.52%)
  5. e7e5: 0.0549 (5.49%)
Decision mode: Greedy policy (opening, ply 1)
Using top policy move: f7f5 (prob 0.0582)
Final decision mode: Greedy policy
Selected move: f7f5

INFO:     127.0.0.1:33160 - "POST /move HTTP/1.1" 200 OK
INFO:     127.0.0.1:43162 - "POST / HTTP/1.1" 200 OK
pgn 1. d4 f5 2. Bf4
INFO:src.utils.decorator:Model stdout/stderr:
Cooking move with chess engine...
NN forward (root): 180.0 ms
Top 5 moves from model:
  1. d7d6: 0.0605 (6.05%)
  2. e7e5: 0.0595 (5.95%)
  3. d7d5: 0.0587 (5.87%)
  4. c7c5: 0.0571 (5.71%)
  5. c7c6: 0.0568 (5.68%)
Decision mode: Greedy policy (opening, ply 3)
Using top policy move: d7d6 (prob 0.0605)
Final decision mode: Greedy policy
Selected move: d7d6

INFO:     127.0.0.1:43166 - "POST /move HTTP/1.1" 200 OK
pgn 1. d4 f5 2. Bf4 d6 3. Nf3
INFO:src.utils.decorator:Model stdout/stderr:
Cooking move with chess engine...
NN forward (root): 182.4 ms
Top 5 moves from model:
  1. e7e5: 0.0495 (4.95%)
  2. c7c5: 0.0494 (4.94%)
  3. c7c6: 0.0491 (4.91%)
  4. h7h6: 0.0479 (4.79%)
  5. e7e6: 0.0477 (4.77%)
Decision mode: Greedy policy (opening, ply 5)
Using top policy move: e7e5 (prob 0.0495)
Final decision mode: Greedy policy
Selected move: e7e5

INFO:     127.0.0.1:43166 - "POST /move HTTP/1.1" 200 OK
pgn 1. d4 f5 2. Bf4 d6 3. Nf3 e5 4. e3
INFO:src.utils.decorator:Model stdout/stderr:
Cooking move with chess engine...
NN forward (root): 211.2 ms
Top 5 moves from model:
  1. d8h4: 0.0388 (3.88%)
  2. e8e7: 0.0385 (3.85%)
  3. c7c5: 0.0379 (3.79%)
  4. c7c6: 0.0370 (3.70%)
  5. h7h5: 0.0352 (3.52%)
Decision mode: Greedy policy (opening, ply 7)
Using top policy move: d8h4 (prob 0.0388)
Final decision mode: Greedy policy
Selected move: d8h4

INFO:     127.0.0.1:43166 - "POST /move HTTP/1.1" 200 OK
INFO:     127.0.0.1:57622 - "POST / HTTP/1.1" 200 OK
pgn 1. d4
INFO:src.utils.decorator:Model stdout/stderr:
Cooking move with chess engine...
NN forward (root): 193.3 ms
Top 5 moves from model:
  1. f7f5: 0.0582 (5.82%)
  2. f7f6: 0.0567 (5.67%)
  3. d7d6: 0.0553 (5.53%)
  4. d7d5: 0.0552 (5.52%)
  5. e7e5: 0.0549 (5.49%)
Decision mode: Greedy policy (opening, ply 1)
Using top policy move: f7f5 (prob 0.0582)
Final decision mode: Greedy policy
Selected move: f7f5

INFO:     127.0.0.1:57630 - "POST /move HTTP/1.1" 200 OK
INFO:     127.0.0.1:50614 - "POST / HTTP/1.1" 200 OK
pgn 1. d4 f5 2. Nf3
INFO:src.utils.decorator:Model stdout/stderr:
Cooking move with chess engine...
NN forward (root): 202.1 ms
Top 5 moves from model:
  1. e7e5: 0.0575 (5.75%)
  2. d7d6: 0.0566 (5.66%)
  3. d7d5: 0.0561 (5.61%)
  4. c7c5: 0.0537 (5.37%)
  5. c7c6: 0.0537 (5.37%)
Decision mode: Greedy policy (opening, ply 3)
Using top policy move: e7e5 (prob 0.0575)
Final decision mode: Greedy policy
Selected move: e7e5

INFO:     127.0.0.1:50620 - "POST /move HTTP/1.1" 200 OK
INFO:     127.0.0.1:48542 - "POST / HTTP/1.1" 200 OK
pgn 1. d4
INFO:src.utils.decorator:Model stdout/stderr:
Cooking move with chess engine...
NN forward (root): 168.9 ms
Top 5 moves from model:
  1. f7f5: 0.0582 (5.82%)
  2. f7f6: 0.0567 (5.67%)
  3. d7d6: 0.0553 (5.53%)
  4. d7d5: 0.0552 (5.52%)
  5. e7e5: 0.0549 (5.49%)
Decision mode: Greedy policy (opening, ply 1)
Using top policy move: f7f5 (prob 0.0582)
Final decision mode: Greedy policy
Selected move: f7f5

INFO:     127.0.0.1:48558 - "POST /move HTTP/1.1" 200 OK
INFO:     127.0.0.1:50278 - "POST / HTTP/1.1" 200 OK
pgn 1. d4
INFO:src.utils.decorator:Model stdout/stderr:
Cooking move with chess engine...
NN forward (root): 176.8 ms
Top 5 moves from model:
  1. f7f5: 0.0582 (5.82%)
  2. f7f6: 0.0567 (5.67%)
  3. d7d6: 0.0553 (5.53%)
  4. d7d5: 0.0552 (5.52%)
  5. e7e5: 0.0549 (5.49%)
Decision mode: Greedy policy (opening, ply 1)
Using top policy move: f7f5 (prob 0.0582)
Final decision mode: Greedy policy
Selected move: f7f5

INFO:     127.0.0.1:50288 - "POST /move HTTP/1.1" 200 OK
INFO:     127.0.0.1:50770 - "POST / HTTP/1.1" 200 OK
pgn 1. d4
INFO:src.utils.decorator:Model stdout/stderr:
Cooking move with chess engine...
NN forward (root): 223.4 ms
Top 5 moves from model:
  1. f7f5: 0.0582 (5.82%)
  2. f7f6: 0.0567 (5.67%)
  3. d7d6: 0.0553 (5.53%)
  4. d7d5: 0.0552 (5.52%)
  5. e7e5: 0.0549 (5.49%)
Decision mode: Greedy policy (opening, ply 1)
Using top policy move: f7f5 (prob 0.0582)
Final decision mode: Greedy policy
Selected move: f7f5

INFO:     127.0.0.1:50786 - "POST /move HTTP/1.1" 200 OK
INFO:     127.0.0.1:45810 - "POST / HTTP/1.1" 200 OK
pgn 1. e4
INFO:src.utils.decorator:Model stdout/stderr:
Cooking move with chess engine...
NN forward (root): 182.0 ms
Top 5 moves from model:
  1. f7f5: 0.0578 (5.78%)
  2. f7f6: 0.0570 (5.70%)
  3. d7d5: 0.0552 (5.52%)
  4. d7d6: 0.0551 (5.51%)
  5. c7c6: 0.0535 (5.35%)
Decision mode: Greedy policy (opening, ply 1)
Using top policy move: f7f5 (prob 0.0578)
Final decision mode: Greedy policy
Selected move: f7f5

INFO:     127.0.0.1:45812 - "POST /move HTTP/1.1" 200 OK
INFO:     127.0.0.1:45380 - "POST / HTTP/1.1" 200 OK
pgn 1. d4
INFO:src.utils.decorator:Model stdout/stderr:
Cooking move with chess engine...
NN forward (root): 199.8 ms
Top 5 moves from model:
  1. f7f5: 0.0582 (5.82%)
  2. f7f6: 0.0567 (5.67%)
  3. d7d6: 0.0553 (5.53%)
  4. d7d5: 0.0552 (5.52%)
  5. e7e5: 0.0549 (5.49%)
Decision mode: Greedy policy (opening, ply 1)
Using top policy move: f7f5 (prob 0.0582)
Final decision mode: Greedy policy
Selected move: f7f5

INFO:     127.0.0.1:45394 - "POST /move HTTP/1.1" 200 OK
INFO:     127.0.0.1:40300 - "POST / HTTP/1.1" 200 OK
pgn 1. d4
INFO:src.utils.decorator:Model stdout/stderr:
Cooking move with chess engine...
NN forward (root): 155.1 ms
Top 5 moves from model:
  1. f7f5: 0.0582 (5.82%)
  2. f7f6: 0.0567 (5.67%)
  3. d7d6: 0.0553 (5.53%)
  4. d7d5: 0.0552 (5.52%)
  5. e7e5: 0.0549 (5.49%)
Decision mode: Greedy policy (opening, ply 1)
Using top policy move: f7f5 (prob 0.0582)
Final decision mode: Greedy policy
Selected move: f7f5

INFO:     127.0.0.1:40310 - "POST /move HTTP/1.1" 200 OK
INFO:     127.0.0.1:36292 - "POST / HTTP/1.1" 200 OK
pgn 1. d4
INFO:src.utils.decorator:Model stdout/stderr:
Cooking move with chess engine...
NN forward (root): 184.2 ms
Top 5 moves from model:
  1. f7f5: 0.0582 (5.82%)
  2. f7f6: 0.0567 (5.67%)
  3. d7d6: 0.0553 (5.53%)
  4. d7d5: 0.0552 (5.52%)
  5. e7e5: 0.0549 (5.49%)
Decision mode: Greedy policy (opening, ply 1)
Using top policy move: f7f5 (prob 0.0582)
Final decision mode: Greedy policy
Selected move: f7f5

INFO:     127.0.0.1:36304 - "POST /move HTTP/1.1" 200 OK
INFO:     127.0.0.1:41088 - "POST / HTTP/1.1" 200 OK
pgn 1. d4
INFO:src.utils.decorator:Model stdout/stderr:
Cooking move with chess engine...
NN forward (root): 205.6 ms
Top 5 moves from model:
  1. f7f5: 0.0582 (5.82%)
  2. f7f6: 0.0567 (5.67%)
  3. d7d6: 0.0553 (5.53%)
  4. d7d5: 0.0552 (5.52%)
  5. e7e5: 0.0549 (5.49%)
Decision mode: Greedy policy (opening, ply 1)
Using top policy move: f7f5 (prob 0.0582)
Final decision mode: Greedy policy
Selected move: f7f5

INFO:     127.0.0.1:41100 - "POST /move HTTP/1.1" 200 OK
INFO:     127.0.0.1:59764 - "POST / HTTP/1.1" 200 OK
INFO:     127.0.0.1:59768 - "POST / HTTP/1.1" 200 OK
pgn 1. d4
INFO:src.utils.decorator:Model stdout/stderr:
Cooking move with chess engine...
NN forward (root): 215.6 ms
Top 5 moves from model:
  1. f7f5: 0.0582 (5.82%)
  2. f7f6: 0.0567 (5.67%)
  3. d7d6: 0.0553 (5.53%)
  4. d7d5: 0.0552 (5.52%)
  5. e7e5: 0.0549 (5.49%)
Decision mode: Greedy policy (opening, ply 1)
Using top policy move: f7f5 (prob 0.0582)
Final decision mode: Greedy policy
Selected move: f7f5

INFO:     127.0.0.1:59772 - "POST /move HTTP/1.1" 200 OK
INFO:     127.0.0.1:59776 - "POST / HTTP/1.1" 200 OK
pgn 1. d4 f5 2. Bf4
INFO:src.utils.decorator:Model stdout/stderr:
Cooking move with chess engine...
NN forward (root): 173.4 ms
Top 5 moves from model:
  1. d7d6: 0.0605 (6.05%)
  2. e7e5: 0.0595 (5.95%)
  3. d7d5: 0.0587 (5.87%)
  4. c7c5: 0.0571 (5.71%)
  5. c7c6: 0.0568 (5.68%)
Decision mode: Greedy policy (opening, ply 3)
Using top policy move: d7d6 (prob 0.0605)
Final decision mode: Greedy policy
Selected move: d7d6

INFO:     127.0.0.1:59772 - "POST /move HTTP/1.1" 200 OK
INFO:     127.0.0.1:35774 - "POST / HTTP/1.1" 200 OK
pgn 1. d4 f5 2. Bf4 d6 3. Nf3
INFO:src.utils.decorator:Model stdout/stderr:
Cooking move with chess engine...
NN forward (root): 178.5 ms
Top 5 moves from model:
  1. e7e5: 0.0495 (4.95%)
  2. c7c5: 0.0494 (4.94%)
  3. c7c6: 0.0491 (4.91%)
  4. h7h6: 0.0479 (4.79%)
  5. e7e6: 0.0477 (4.77%)
Decision mode: Greedy policy (opening, ply 5)
Using top policy move: e7e5 (prob 0.0495)
Final decision mode: Greedy policy
Selected move: e7e5

INFO:     127.0.0.1:59772 - "POST /move HTTP/1.1" 200 OK
pgn 1. d4 f5 2. Bf4 d6 3. Nf3 e5 4. e3
INFO:src.utils.decorator:Model stdout/stderr:
Cooking move with chess engine...
NN forward (root): 23.2 ms
Top 5 moves from model:
  1. d8h4: 0.0388 (3.88%)
  2. e8e7: 0.0385 (3.85%)
  3. c7c5: 0.0379 (3.79%)
  4. c7c6: 0.0370 (3.70%)
  5. h7h5: 0.0352 (3.52%)
Decision mode: Greedy policy (opening, ply 7)
Using top policy move: d8h4 (prob 0.0388)
Final decision mode: Greedy policy
Selected move: d8h4

INFO:     127.0.0.1:59772 - "POST /move HTTP/1.1" 200 OK
INFO:     127.0.0.1:35782 - "POST / HTTP/1.1" 200 OK
pgn 1. d4 f5 2. Bf4 d6 3. Nf3 e5 4. e3 Qh4 5. Nxh4
INFO:src.utils.decorator:Model stdout/stderr:
Cooking move with chess engine...
NN forward (root): 158.0 ms
Top 5 moves from model:
  1. e8d8: 0.0441 (4.41%)
  2. e8e7: 0.0438 (4.38%)
  3. c7c5: 0.0437 (4.37%)
  4. c7c6: 0.0424 (4.24%)
  5. e5e4: 0.0415 (4.15%)
Decision mode: Greedy policy (opening, ply 9)
Using top policy move: e8d8 (prob 0.0441)
Final decision mode: Greedy policy
Selected move: e8d8

INFO:     127.0.0.1:59772 - "POST /move HTTP/1.1" 200 OK
INFO:     127.0.0.1:58474 - "POST / HTTP/1.1" 200 OK
pgn 1. e4
INFO:src.utils.decorator:Model stdout/stderr:
Cooking move with chess engine...
NN forward (root): 436.9 ms
Top 5 moves from model:
  1. f7f5: 0.0578 (5.78%)
  2. f7f6: 0.0570 (5.70%)
  3. d7d5: 0.0552 (5.52%)
  4. d7d6: 0.0551 (5.51%)
  5. c7c6: 0.0535 (5.35%)
Decision mode: Greedy policy (opening, ply 1)
Using top policy move: f7f5 (prob 0.0578)
Final decision mode: Greedy policy
Selected move: f7f5

INFO:     127.0.0.1:58490 - "POST /move HTTP/1.1" 200 OK
INFO:     127.0.0.1:45806 - "POST / HTTP/1.1" 200 OK
pgn 1. e4 f5 2. exf5
INFO:src.utils.decorator:Model stdout/stderr:
Cooking move with chess engine...
NN forward (root): 186.3 ms
Top 5 moves from model:
  1. d7d5: 0.0597 (5.97%)
  2. d7d6: 0.0587 (5.87%)
  3. c7c5: 0.0578 (5.78%)
  4. e7e5: 0.0577 (5.77%)
  5. c7c6: 0.0576 (5.76%)
Decision mode: Greedy policy (opening, ply 3)
Using top policy move: d7d5 (prob 0.0597)
Final decision mode: Greedy policy
Selected move: d7d5

INFO:     127.0.0.1:45810 - "POST /move HTTP/1.1" 200 OK
INFO:     127.0.0.1:53284 - "POST / HTTP/1.1" 200 OK
pgn 1. d4
INFO:src.utils.decorator:Model stdout/stderr:
Cooking move with chess engine...
NN forward (root): 168.9 ms
Top 5 moves from model:
  1. f7f5: 0.0582 (5.82%)
  2. f7f6: 0.0567 (5.67%)
  3. d7d6: 0.0553 (5.53%)
  4. d7d5: 0.0552 (5.52%)
  5. e7e5: 0.0549 (5.49%)
Decision mode: Greedy policy (opening, ply 1)
Using top policy move: f7f5 (prob 0.0582)
Final decision mode: Greedy policy
Selected move: f7f5

INFO:     127.0.0.1:53300 - "POST /move HTTP/1.1" 200 OK
INFO:     127.0.0.1:52130 - "POST / HTTP/1.1" 200 OK
pgn 1. d4 f5 2. e4
INFO:src.utils.decorator:Model stdout/stderr:
Cooking move with chess engine...
NN forward (root): 193.4 ms
Top 5 moves from model:
  1. d7d5: 0.0540 (5.40%)
  2. e7e5: 0.0539 (5.39%)
  3. d7d6: 0.0536 (5.36%)
  4. c7c5: 0.0534 (5.34%)
  5. c7c6: 0.0528 (5.28%)
Decision mode: Greedy policy (opening, ply 3)
Using top policy move: d7d5 (prob 0.0540)
Final decision mode: Greedy policy
Selected move: d7d5

INFO:     127.0.0.1:52140 - "POST /move HTTP/1.1" 200 OK
pgn 1. d4 f5 2. e4 d5 3. f4
INFO:src.utils.decorator:Model stdout/stderr:
Cooking move with chess engine...
NN forward (root): 60.2 ms
Top 5 moves from model:
  1. e7e5: 0.0473 (4.73%)
  2. c7c5: 0.0464 (4.64%)
  3. c7c6: 0.0457 (4.57%)
  4. f5e4: 0.0449 (4.49%)
  5. e7e6: 0.0439 (4.39%)
Decision mode: Greedy policy (opening, ply 5)
Using top policy move: e7e5 (prob 0.0473)
Final decision mode: Greedy policy
Selected move: e7e5

INFO:     127.0.0.1:52140 - "POST /move HTTP/1.1" 200 OK
pgn 1. d4 f5 2. e4 d5 3. f4 e5 4. g4
INFO:src.utils.decorator:Model stdout/stderr:
Cooking move with chess engine...
NN forward (root): 198.8 ms
Top 5 moves from model:
  1. d8h4: 0.0325 (3.25%)
  2. e8e7: 0.0320 (3.20%)
  3. c7c5: 0.0319 (3.19%)
  4. c7c6: 0.0305 (3.05%)
  5. f5e4: 0.0300 (3.00%)
Decision mode: Greedy policy (opening, ply 7)
Using top policy move: d8h4 (prob 0.0325)
Final decision mode: Greedy policy
Selected move: d8h4

INFO:     127.0.0.1:52140 - "POST /move HTTP/1.1" 200 OK
INFO:     127.0.0.1:40530 - "POST / HTTP/1.1" 200 OK
pgn 1. d4 f5 2. e4 d5 3. f4 e5 4. g4 Qh4+ 5. Ke2
INFO:src.utils.decorator:Model stdout/stderr:
Cooking move with chess engine...
NN forward (root): 193.2 ms
Top 5 moves from model:
  1. e8d8: 0.0275 (2.75%)
  2. c7c5: 0.0274 (2.74%)
  3. e8e7: 0.0272 (2.72%)
  4. c7c6: 0.0266 (2.66%)
  5. f5e4: 0.0254 (2.54%)
Decision mode: Greedy policy (opening, ply 9)
Using top policy move: e8d8 (prob 0.0275)
Final decision mode: Greedy policy
Selected move: e8d8

INFO:     127.0.0.1:40546 - "POST /move HTTP/1.1" 200 OK
INFO:     127.0.0.1:38186 - "POST / HTTP/1.1" 200 OK
pgn 1. d4
INFO:src.utils.decorator:Model stdout/stderr:
Cooking move with chess engine...
NN forward (root): 123.2 ms
Top 5 moves from model:
  1. f7f5: 0.0582 (5.82%)
  2. f7f6: 0.0567 (5.67%)
  3. d7d6: 0.0553 (5.53%)
  4. d7d5: 0.0552 (5.52%)
  5. e7e5: 0.0549 (5.49%)
Decision mode: Greedy policy (opening, ply 1)
Using top policy move: f7f5 (prob 0.0582)
Final decision mode: Greedy policy
Selected move: f7f5

INFO:     127.0.0.1:38190 - "POST /move HTTP/1.1" 200 OK
INFO:     127.0.0.1:52330 - "POST / HTTP/1.1" 200 OK
pgn 1. d4
INFO:src.utils.decorator:Model stdout/stderr:
Cooking move with chess engine...
NN forward (root): 116.5 ms
Top 5 moves from model:
  1. f7f5: 0.0582 (5.82%)
  2. f7f6: 0.0567 (5.67%)
  3. d7d6: 0.0553 (5.53%)
  4. d7d5: 0.0552 (5.52%)
  5. e7e5: 0.0549 (5.49%)
Decision mode: Greedy policy (opening, ply 1)
Using top policy move: f7f5 (prob 0.0582)
Final decision mode: Greedy policy
Selected move: f7f5

INFO:     127.0.0.1:52332 - "POST /move HTTP/1.1" 200 OK
INFO:     127.0.0.1:44234 - "POST / HTTP/1.1" 200 OK
pgn 1. d4 f5 2. Nf3
INFO:src.utils.decorator:Model stdout/stderr:
Cooking move with chess engine...
NN forward (root): 101.2 ms
Top 5 moves from model:
  1. e7e5: 0.0575 (5.75%)
  2. d7d6: 0.0566 (5.66%)
  3. d7d5: 0.0561 (5.61%)
  4. c7c5: 0.0537 (5.37%)
  5. c7c6: 0.0537 (5.37%)
Decision mode: Greedy policy (opening, ply 3)
Using top policy move: e7e5 (prob 0.0575)
Final decision mode: Greedy policy
Selected move: e7e5

INFO:     127.0.0.1:52332 - "POST /move HTTP/1.1" 200 OK
INFO:     127.0.0.1:36122 - "POST / HTTP/1.1" 200 OK
pgn 1. d4
INFO:src.utils.decorator:Model stdout/stderr:
Cooking move with chess engine...
NN forward (root): 118.6 ms
Top 5 moves from model:
  1. f7f5: 0.0582 (5.82%)
  2. f7f6: 0.0567 (5.67%)
  3. d7d6: 0.0553 (5.53%)
  4. d7d5: 0.0552 (5.52%)
  5. e7e5: 0.0549 (5.49%)
Decision mode: Greedy policy (opening, ply 1)
Using top policy move: f7f5 (prob 0.0582)
Final decision mode: Greedy policy
Selected move: f7f5

INFO:     127.0.0.1:36134 - "POST /move HTTP/1.1" 200 OK
INFO:     127.0.0.1:42658 - "POST / HTTP/1.1" 200 OK
pgn 1. d4
INFO:src.utils.decorator:Model stdout/stderr:
Cooking move with chess engine...
NN forward (root): 237.3 ms
Top 5 moves from model:
  1. f7f5: 0.0582 (5.82%)
  2. f7f6: 0.0567 (5.67%)
  3. d7d6: 0.0553 (5.53%)
  4. d7d5: 0.0552 (5.52%)
  5. e7e5: 0.0549 (5.49%)
Decision mode: Greedy policy (opening, ply 1)
Using top policy move: f7f5 (prob 0.0582)
Final decision mode: Greedy policy
Selected move: f7f5

INFO:     127.0.0.1:42670 - "POST /move HTTP/1.1" 200 OK
INFO:     127.0.0.1:38582 - "POST / HTTP/1.1" 200 OK
pgn 1. d4
INFO:src.utils.decorator:Model stdout/stderr:
Cooking move with chess engine...
NN forward (root): 232.2 ms
Top 5 moves from model:
  1. f7f5: 0.0582 (5.82%)
  2. f7f6: 0.0567 (5.67%)
  3. d7d6: 0.0553 (5.53%)
  4. d7d5: 0.0552 (5.52%)
  5. e7e5: 0.0549 (5.49%)
Decision mode: Greedy policy (opening, ply 1)
Using top policy move: f7f5 (prob 0.0582)
Final decision mode: Greedy policy
Selected move: f7f5

INFO:     127.0.0.1:38586 - "POST /move HTTP/1.1" 200 OK
pgn 1. d4 f5 2. Nf3
INFO:src.utils.decorator:Model stdout/stderr:
Cooking move with chess engine...
NN forward (root): 169.0 ms
Top 5 moves from model:
  1. e7e5: 0.0575 (5.75%)
  2. d7d6: 0.0566 (5.66%)
  3. d7d5: 0.0561 (5.61%)
  4. c7c5: 0.0537 (5.37%)
  5. c7c6: 0.0537 (5.37%)
Decision mode: Greedy policy (opening, ply 3)
Using top policy move: e7e5 (prob 0.0575)
Final decision mode: Greedy policy
Selected move: e7e5

INFO:     127.0.0.1:38586 - "POST /move HTTP/1.1" 200 OK
pgn 1. d4 f5 2. Nf3 e5 3. dxe5
INFO:src.utils.decorator:Model stdout/stderr:
Cooking move with chess engine...
NN forward (root): 173.4 ms
Top 5 moves from model:
  1. e8e7: 0.0399 (3.99%)
  2. d8h4: 0.0395 (3.95%)
  3. c7c5: 0.0393 (3.93%)
  4. d7d6: 0.0391 (3.91%)
  5. d7d5: 0.0390 (3.90%)
Decision mode: Greedy policy (opening, ply 5)
Using top policy move: e8e7 (prob 0.0399)
Final decision mode: Greedy policy
Selected move: e8e7

INFO:     127.0.0.1:38586 - "POST /move HTTP/1.1" 200 OK
INFO:     127.0.0.1:54938 - "POST / HTTP/1.1" 200 OK
pgn 1. d4 f5 2. Nf3 e5 3. dxe5 Ke7 4. c4
INFO:src.utils.decorator:Model stdout/stderr:
Cooking move with chess engine...
NN forward (root): 175.9 ms
Top 5 moves from model:
  1. e7e6: 0.0547 (5.47%)
  2. d7d6: 0.0529 (5.29%)
  3. e7f7: 0.0528 (5.28%)
  4. d7d5: 0.0524 (5.24%)
  5. c7c6: 0.0512 (5.12%)
Decision mode: Greedy policy (opening, ply 7)
Using top policy move: e7e6 (prob 0.0547)
Final decision mode: Greedy policy
Selected move: e7e6

INFO:     127.0.0.1:54950 - "POST /move HTTP/1.1" 200 OK
pgn 1. d4 f5 2. Nf3 e5 3. dxe5 Ke7 4. c4 Ke6 5. Nc3
INFO:src.utils.decorator:Model stdout/stderr:
Cooking move with chess engine...
NN forward (root): 187.0 ms
Top 5 moves from model:
  1. c7c5: 0.0383 (3.83%)
  2. d8h4: 0.0383 (3.83%)
  3. d7d6: 0.0379 (3.79%)
  4. d7d5: 0.0375 (3.75%)
  5. c7c6: 0.0360 (3.60%)
Decision mode: Greedy policy (opening, ply 9)
Using top policy move: c7c5 (prob 0.0383)
Final decision mode: Greedy policy
Selected move: c7c5

INFO:     127.0.0.1:54950 - "POST /move HTTP/1.1" 200 OK
INFO:     127.0.0.1:37518 - "POST / HTTP/1.1" 200 OK
pgn 1. d4
INFO:src.utils.decorator:Model stdout/stderr:
Cooking move with chess engine...
NN forward (root): 97.8 ms
Top 5 moves from model:
  1. f7f5: 0.0582 (5.82%)
  2. f7f6: 0.0567 (5.67%)
  3. d7d6: 0.0553 (5.53%)
  4. d7d5: 0.0552 (5.52%)
  5. e7e5: 0.0549 (5.49%)
Decision mode: Greedy policy (opening, ply 1)
Using top policy move: f7f5 (prob 0.0582)
Final decision mode: Greedy policy
Selected move: f7f5

INFO:     127.0.0.1:37524 - "POST /move HTTP/1.1" 200 OK
INFO:     127.0.0.1:45074 - "POST / HTTP/1.1" 200 OK
pgn 1. d4
INFO:src.utils.decorator:Model stdout/stderr:
Cooking move with chess engine...
NN forward (root): 191.2 ms
Top 5 moves from model:
  1. f7f5: 0.0582 (5.82%)
  2. f7f6: 0.0567 (5.67%)
  3. d7d6: 0.0553 (5.53%)
  4. d7d5: 0.0552 (5.52%)
  5. e7e5: 0.0549 (5.49%)
Decision mode: Greedy policy (opening, ply 1)
Using top policy move: f7f5 (prob 0.0582)
Final decision mode: Greedy policy
Selected move: f7f5

INFO:     127.0.0.1:45082 - "POST /move HTTP/1.1" 200 OK
INFO:     127.0.0.1:55292 - "POST / HTTP/1.1" 200 OK
pgn 1. d4 f5 2. d5
INFO:src.utils.decorator:Model stdout/stderr:
Cooking move with chess engine...
NN forward (root): 180.7 ms
Top 5 moves from model:
  1. d7d6: 0.0598 (5.98%)
  2. c7c5: 0.0587 (5.87%)
  3. e7e5: 0.0581 (5.81%)
  4. h7h5: 0.0568 (5.68%)
  5. c7c6: 0.0566 (5.66%)
Decision mode: Greedy policy (opening, ply 3)
Using top policy move: d7d6 (prob 0.0598)
Final decision mode: Greedy policy
Selected move: d7d6

INFO:     127.0.0.1:45082 - "POST /move HTTP/1.1" 200 OK
INFO:     127.0.0.1:55308 - "POST / HTTP/1.1" 200 OK
pgn 1. d4 f5 2. d5 d6 3. Nf3
INFO:src.utils.decorator:Model stdout/stderr:
Cooking move with chess engine...
NN forward (root): 154.6 ms
Top 5 moves from model:
  1. c7c5: 0.0497 (4.97%)
  2. e7e6: 0.0495 (4.95%)
  3. c7c6: 0.0479 (4.79%)
  4. h7h6: 0.0476 (4.76%)
  5. h7h5: 0.0473 (4.73%)
Decision mode: Greedy policy (opening, ply 5)
Using top policy move: c7c5 (prob 0.0497)
Final decision mode: Greedy policy
Selected move: c7c5

INFO:     127.0.0.1:55320 - "POST /move HTTP/1.1" 200 OK
INFO:     127.0.0.1:54136 - "POST / HTTP/1.1" 200 OK
pgn 1. d4
INFO:src.utils.decorator:Model stdout/stderr:
Cooking move with chess engine...
NN forward (root): 190.5 ms
Top 5 moves from model:
  1. f7f5: 0.0582 (5.82%)
  2. f7f6: 0.0567 (5.67%)
  3. d7d6: 0.0553 (5.53%)
  4. d7d5: 0.0552 (5.52%)
  5. e7e5: 0.0549 (5.49%)
Decision mode: Greedy policy (opening, ply 1)
Using top policy move: f7f5 (prob 0.0582)
Final decision mode: Greedy policy
Selected move: f7f5

INFO:     127.0.0.1:54146 - "POST /move HTTP/1.1" 200 OK
INFO:     127.0.0.1:47868 - "POST / HTTP/1.1" 200 OK
pgn 1. d4
INFO:src.utils.decorator:Model stdout/stderr:
Cooking move with chess engine...
NN forward (root): 181.4 ms
Top 5 moves from model:
  1. f7f5: 0.0582 (5.82%)
  2. f7f6: 0.0567 (5.67%)
  3. d7d6: 0.0553 (5.53%)
  4. d7d5: 0.0552 (5.52%)
  5. e7e5: 0.0549 (5.49%)
Decision mode: Greedy policy (opening, ply 1)
Using top policy move: f7f5 (prob 0.0582)
Final decision mode: Greedy policy
Selected move: f7f5

INFO:     127.0.0.1:47882 - "POST /move HTTP/1.1" 200 OK
INFO:     127.0.0.1:47886 - "POST / HTTP/1.1" 200 OK
pgn 1. d4 f5 2. Bf4
INFO:src.utils.decorator:Model stdout/stderr:
Cooking move with chess engine...
NN forward (root): 127.7 ms
Top 5 moves from model:
  1. d7d6: 0.0605 (6.05%)
  2. e7e5: 0.0595 (5.95%)
  3. d7d5: 0.0587 (5.87%)
  4. c7c5: 0.0571 (5.71%)
  5. c7c6: 0.0568 (5.68%)
Decision mode: Greedy policy (opening, ply 3)
Using top policy move: d7d6 (prob 0.0605)
Final decision mode: Greedy policy
Selected move: d7d6

INFO:     127.0.0.1:47882 - "POST /move HTTP/1.1" 200 OK
INFO:     127.0.0.1:47894 - "POST / HTTP/1.1" 200 OK
pgn 1. d4 f5 2. Bf4 d6 3. e3
INFO:src.utils.decorator:Model stdout/stderr:
Cooking move with chess engine...
NN forward (root): 137.1 ms
Top 5 moves from model:
  1. c7c5: 0.0498 (4.98%)
  2. c7c6: 0.0495 (4.95%)
  3. e7e6: 0.0479 (4.79%)
  4. e7e5: 0.0475 (4.75%)
  5. h7h6: 0.0472 (4.72%)
Decision mode: Greedy policy (opening, ply 5)
Using top policy move: c7c5 (prob 0.0498)
Final decision mode: Greedy policy
Selected move: c7c5

INFO:     127.0.0.1:47882 - "POST /move HTTP/1.1" 200 OK
pgn 1. d4 f5 2. Bf4 d6 3. e3 c5 4. Nf3
INFO:src.utils.decorator:Model stdout/stderr:
Cooking move with chess engine...
NN forward (root): 60.5 ms
Top 5 moves from model:
  1. d8c7: 0.0472 (4.72%)
  2. d8b6: 0.0471 (4.71%)
  3. d8a5: 0.0467 (4.67%)
  4. c5c4: 0.0426 (4.26%)
  5. e7e6: 0.0422 (4.22%)
Decision mode: Greedy policy (opening, ply 7)
Using top policy move: d8c7 (prob 0.0472)
Final decision mode: Greedy policy
Selected move: d8c7

INFO:     127.0.0.1:47882 - "POST /move HTTP/1.1" 200 OK
INFO:     127.0.0.1:49200 - "POST / HTTP/1.1" 200 OK
pgn 1. d4
INFO:src.utils.decorator:Model stdout/stderr:
Cooking move with chess engine...
NN forward (root): 175.2 ms
Top 5 moves from model:
  1. f7f5: 0.0582 (5.82%)
  2. f7f6: 0.0567 (5.67%)
  3. d7d6: 0.0553 (5.53%)
  4. d7d5: 0.0552 (5.52%)
  5. e7e5: 0.0549 (5.49%)
Decision mode: Greedy policy (opening, ply 1)
Using top policy move: f7f5 (prob 0.0582)
Final decision mode: Greedy policy
Selected move: f7f5

INFO:     127.0.0.1:49202 - "POST /move HTTP/1.1" 200 OK
INFO:     127.0.0.1:60962 - "POST / HTTP/1.1" 200 OK
pgn 1. d4
INFO:src.utils.decorator:Model stdout/stderr:
Cooking move with chess engine...
NN forward (root): 172.6 ms
Top 5 moves from model:
  1. f7f5: 0.0582 (5.82%)
  2. f7f6: 0.0567 (5.67%)
  3. d7d6: 0.0553 (5.53%)
  4. d7d5: 0.0552 (5.52%)
  5. e7e5: 0.0549 (5.49%)
Decision mode: Greedy policy (opening, ply 1)
Using top policy move: f7f5 (prob 0.0582)
Final decision mode: Greedy policy
Selected move: f7f5

INFO:     127.0.0.1:60974 - "POST /move HTTP/1.1" 200 OK
INFO:     127.0.0.1:38064 - "POST / HTTP/1.1" 200 OK
pgn 1. e4
INFO:src.utils.decorator:Model stdout/stderr:
Cooking move with chess engine...
NN forward (root): 176.1 ms
Top 5 moves from model:
  1. f7f5: 0.0578 (5.78%)
  2. f7f6: 0.0570 (5.70%)
  3. d7d5: 0.0552 (5.52%)
  4. d7d6: 0.0551 (5.51%)
  5. c7c6: 0.0535 (5.35%)
Decision mode: Greedy policy (opening, ply 1)
Using top policy move: f7f5 (prob 0.0578)
Final decision mode: Greedy policy
Selected move: f7f5

INFO:     127.0.0.1:38066 - "POST /move HTTP/1.1" 200 OK
INFO:     127.0.0.1:52466 - "POST / HTTP/1.1" 200 OK
pgn 1. d4
INFO:src.utils.decorator:Model stdout/stderr:
Cooking move with chess engine...
NN forward (root): 125.0 ms
Top 5 moves from model:
  1. f7f5: 0.0582 (5.82%)
  2. f7f6: 0.0567 (5.67%)
  3. d7d6: 0.0553 (5.53%)
  4. d7d5: 0.0552 (5.52%)
  5. e7e5: 0.0549 (5.49%)
Decision mode: Greedy policy (opening, ply 1)
Using top policy move: f7f5 (prob 0.0582)
Final decision mode: Greedy policy
Selected move: f7f5

INFO:     127.0.0.1:52480 - "POST /move HTTP/1.1" 200 OK
INFO:     127.0.0.1:52494 - "POST / HTTP/1.1" 200 OK
pgn 1. d4 f5 2. e4
INFO:src.utils.decorator:Model stdout/stderr:
Cooking move with chess engine...
NN forward (root): 158.0 ms
Top 5 moves from model:
  1. d7d5: 0.0540 (5.40%)
  2. e7e5: 0.0539 (5.39%)
  3. d7d6: 0.0536 (5.36%)
  4. c7c5: 0.0534 (5.34%)
  5. c7c6: 0.0528 (5.28%)
Decision mode: Greedy policy (opening, ply 3)
Using top policy move: d7d5 (prob 0.0540)
Final decision mode: Greedy policy
Selected move: d7d5

INFO:     127.0.0.1:52480 - "POST /move HTTP/1.1" 200 OK
INFO:     127.0.0.1:47610 - "POST / HTTP/1.1" 200 OK
pgn 1. e4
INFO:src.utils.decorator:Model stdout/stderr:
Cooking move with chess engine...
NN forward (root): 187.6 ms
Top 5 moves from model:
  1. f7f5: 0.0578 (5.78%)
  2. f7f6: 0.0570 (5.70%)
  3. d7d5: 0.0552 (5.52%)
  4. d7d6: 0.0551 (5.51%)
  5. c7c6: 0.0535 (5.35%)
Decision mode: Greedy policy (opening, ply 1)
Using top policy move: f7f5 (prob 0.0578)
Final decision mode: Greedy policy
Selected move: f7f5

INFO:     127.0.0.1:47620 - "POST /move HTTP/1.1" 200 OK
INFO:     127.0.0.1:48210 - "POST / HTTP/1.1" 200 OK
pgn 1. d4
INFO:src.utils.decorator:Model stdout/stderr:
Cooking move with chess engine...
NN forward (root): 192.1 ms
Top 5 moves from model:
  1. f7f5: 0.0582 (5.82%)
  2. f7f6: 0.0567 (5.67%)
  3. d7d6: 0.0553 (5.53%)
  4. d7d5: 0.0552 (5.52%)
  5. e7e5: 0.0549 (5.49%)
Decision mode: Greedy policy (opening, ply 1)
Using top policy move: f7f5 (prob 0.0582)
Final decision mode: Greedy policy
Selected move: f7f5

INFO:     127.0.0.1:48218 - "POST /move HTTP/1.1" 200 OK
INFO:     127.0.0.1:51180 - "POST / HTTP/1.1" 200 OK
pgn 1. d4 f5 2. Nf3
INFO:src.utils.decorator:Model stdout/stderr:
Cooking move with chess engine...
NN forward (root): 163.1 ms
Top 5 moves from model:
  1. e7e5: 0.0575 (5.75%)
  2. d7d6: 0.0566 (5.66%)
  3. d7d5: 0.0561 (5.61%)
  4. c7c5: 0.0537 (5.37%)
  5. c7c6: 0.0537 (5.37%)
Decision mode: Greedy policy (opening, ply 3)
Using top policy move: e7e5 (prob 0.0575)
Final decision mode: Greedy policy
Selected move: e7e5

INFO:     127.0.0.1:51194 - "POST /move HTTP/1.1" 200 OK
pgn 1. d4 f5 2. Nf3 e5 3. dxe5
INFO:src.utils.decorator:Model stdout/stderr:
Cooking move with chess engine...
NN forward (root): 173.0 ms
Top 5 moves from model:
  1. e8e7: 0.0399 (3.99%)
  2. d8h4: 0.0395 (3.95%)
  3. c7c5: 0.0393 (3.93%)
  4. d7d6: 0.0391 (3.91%)
  5. d7d5: 0.0390 (3.90%)
Decision mode: Greedy policy (opening, ply 5)
Using top policy move: e8e7 (prob 0.0399)
Final decision mode: Greedy policy
Selected move: e8e7

INFO:     127.0.0.1:51194 - "POST /move HTTP/1.1" 200 OK
INFO:     127.0.0.1:49264 - "POST / HTTP/1.1" 200 OK
pgn 1. d4 f5 2. Nf3 e5 3. dxe5 Ke7 4. Qd6+
INFO:src.utils.decorator:Model stdout/stderr:
Cooking move with chess engine...
NN forward (root): 183.9 ms
Top 5 moves from model:
  1. e7f7: 0.3527 (35.27%)
  2. e7e8: 0.3242 (32.42%)
  3. c7d6: 0.3231 (32.31%)
Decision mode: Greedy policy (opening, ply 7)
Using top policy move: e7f7 (prob 0.3527)
Final decision mode: Greedy policy
Selected move: e7f7

INFO:     127.0.0.1:49276 - "POST /move HTTP/1.1" 200 OK
INFO:     127.0.0.1:49282 - "POST / HTTP/1.1" 200 OK
pgn 1. d4 f5 2. Nf3 e5 3. dxe5 Ke7 4. Qd6+ Kf7 5. Qd1
INFO:src.utils.decorator:Model stdout/stderr:
Cooking move with chess engine...
NN forward (root): 150.6 ms
Top 5 moves from model:
  1. c7c5: 0.0363 (3.63%)
  2. f7e7: 0.0362 (3.62%)
  3. d7d6: 0.0356 (3.56%)
  4. d7d5: 0.0356 (3.56%)
  5. c7c6: 0.0356 (3.56%)
Decision mode: Greedy policy (opening, ply 9)
Using top policy move: c7c5 (prob 0.0363)
Final decision mode: Greedy policy
Selected move: c7c5

INFO:     127.0.0.1:49296 - "POST /move HTTP/1.1" 200 OK
INFO:     127.0.0.1:37508 - "POST / HTTP/1.1" 200 OK
pgn 1. d4
INFO:src.utils.decorator:Model stdout/stderr:
Cooking move with chess engine...
NN forward (root): 185.1 ms
Top 5 moves from model:
  1. f7f5: 0.0582 (5.82%)
  2. f7f6: 0.0567 (5.67%)
  3. d7d6: 0.0553 (5.53%)
  4. d7d5: 0.0552 (5.52%)
  5. e7e5: 0.0549 (5.49%)
Decision mode: Greedy policy (opening, ply 1)
Using top policy move: f7f5 (prob 0.0582)
Final decision mode: Greedy policy
Selected move: f7f5

INFO:     127.0.0.1:37518 - "POST /move HTTP/1.1" 200 OK
INFO:     127.0.0.1:34018 - "POST / HTTP/1.1" 200 OK
INFO:     127.0.0.1:38378 - "POST / HTTP/1.1" 200 OK
pgn 1. d4
INFO:src.utils.decorator:Model stdout/stderr:
Cooking move with chess engine...
NN forward (root): 175.5 ms
Top 5 moves from model:
  1. f7f5: 0.0582 (5.82%)
  2. f7f6: 0.0567 (5.67%)
  3. d7d6: 0.0553 (5.53%)
  4. d7d5: 0.0552 (5.52%)
  5. e7e5: 0.0549 (5.49%)
Decision mode: Greedy policy (opening, ply 1)
Using top policy move: f7f5 (prob 0.0582)
Final decision mode: Greedy policy
Selected move: f7f5

INFO:     127.0.0.1:38392 - "POST /move HTTP/1.1" 200 OK
INFO:     127.0.0.1:36062 - "POST / HTTP/1.1" 200 OK
pgn 1. d4
INFO:src.utils.decorator:Model stdout/stderr:
Cooking move with chess engine...
NN forward (root): 154.0 ms
Top 5 moves from model:
  1. f7f5: 0.0582 (5.82%)
  2. f7f6: 0.0567 (5.67%)
  3. d7d6: 0.0553 (5.53%)
  4. d7d5: 0.0552 (5.52%)
  5. e7e5: 0.0549 (5.49%)
Decision mode: Greedy policy (opening, ply 1)
Using top policy move: f7f5 (prob 0.0582)
Final decision mode: Greedy policy
Selected move: f7f5

INFO:     127.0.0.1:36074 - "POST /move HTTP/1.1" 200 OK
INFO:     127.0.0.1:50486 - "POST / HTTP/1.1" 200 OK
pgn 1. d4
INFO:src.utils.decorator:Model stdout/stderr:
Cooking move with chess engine...
NN forward (root): 223.9 ms
Top 5 moves from model:
  1. f7f5: 0.0582 (5.82%)
  2. f7f6: 0.0567 (5.67%)
  3. d7d6: 0.0553 (5.53%)
  4. d7d5: 0.0552 (5.52%)
  5. e7e5: 0.0549 (5.49%)
Decision mode: Greedy policy (opening, ply 1)
Using top policy move: f7f5 (prob 0.0582)
Final decision mode: Greedy policy
Selected move: f7f5

INFO:     127.0.0.1:50496 - "POST /move HTTP/1.1" 200 OK
INFO:     127.0.0.1:57920 - "POST / HTTP/1.1" 200 OK
pgn 1. d4
INFO:src.utils.decorator:Model stdout/stderr:
Cooking move with chess engine...
NN forward (root): 241.6 ms
Top 5 moves from model:
  1. f7f5: 0.0582 (5.82%)
  2. f7f6: 0.0567 (5.67%)
  3. d7d6: 0.0553 (5.53%)
  4. d7d5: 0.0552 (5.52%)
  5. e7e5: 0.0549 (5.49%)
Decision mode: Greedy policy (opening, ply 1)
Using top policy move: f7f5 (prob 0.0582)
Final decision mode: Greedy policy
Selected move: f7f5

INFO:     127.0.0.1:57930 - "POST /move HTTP/1.1" 200 OK
INFO:     127.0.0.1:57940 - "POST / HTTP/1.1" 200 OK
pgn 1. d4 f5 2. Nf3
INFO:src.utils.decorator:Model stdout/stderr:
Cooking move with chess engine...
NN forward (root): 180.9 ms
Top 5 moves from model:
  1. e7e5: 0.0575 (5.75%)
  2. d7d6: 0.0566 (5.66%)
  3. d7d5: 0.0561 (5.61%)
  4. c7c5: 0.0537 (5.37%)
  5. c7c6: 0.0537 (5.37%)
Decision mode: Greedy policy (opening, ply 3)
Using top policy move: e7e5 (prob 0.0575)
Final decision mode: Greedy policy
Selected move: e7e5

INFO:     127.0.0.1:57930 - "POST /move HTTP/1.1" 200 OK
INFO:     127.0.0.1:57942 - "POST / HTTP/1.1" 200 OK
pgn 1. d4 f5 2. Nf3 e5 3. dxe5
INFO:src.utils.decorator:Model stdout/stderr:
Cooking move with chess engine...
NN forward (root): 182.9 ms
Top 5 moves from model:
  1. e8e7: 0.0399 (3.99%)
  2. d8h4: 0.0395 (3.95%)
  3. c7c5: 0.0393 (3.93%)
  4. d7d6: 0.0391 (3.91%)
  5. d7d5: 0.0390 (3.90%)
Decision mode: Greedy policy (opening, ply 5)
Using top policy move: e8e7 (prob 0.0399)
Final decision mode: Greedy policy
Selected move: e8e7

INFO:     127.0.0.1:57930 - "POST /move HTTP/1.1" 200 OK
INFO:     127.0.0.1:41366 - "POST / HTTP/1.1" 200 OK
pgn 1. e4
INFO:src.utils.decorator:Model stdout/stderr:
Cooking move with chess engine...
NN forward (root): 200.1 ms
Top 5 moves from model:
  1. f7f5: 0.0578 (5.78%)
  2. f7f6: 0.0570 (5.70%)
  3. d7d5: 0.0552 (5.52%)
  4. d7d6: 0.0551 (5.51%)
  5. c7c6: 0.0535 (5.35%)
Decision mode: Greedy policy (opening, ply 1)
Using top policy move: f7f5 (prob 0.0578)
Final decision mode: Greedy policy
Selected move: f7f5

INFO:     127.0.0.1:41368 - "POST /move HTTP/1.1" 200 OK
pgn 1. e4 f5 2. exf5
INFO:src.utils.decorator:Model stdout/stderr:
Cooking move with chess engine...
NN forward (root): 165.4 ms
Top 5 moves from model:
  1. d7d5: 0.0597 (5.97%)
  2. d7d6: 0.0587 (5.87%)
  3. c7c5: 0.0578 (5.78%)
  4. e7e5: 0.0577 (5.77%)
  5. c7c6: 0.0576 (5.76%)
Decision mode: Greedy policy (opening, ply 3)
Using top policy move: d7d5 (prob 0.0597)
Final decision mode: Greedy policy
Selected move: d7d5

INFO:     127.0.0.1:41368 - "POST /move HTTP/1.1" 200 OK
INFO:     127.0.0.1:38618 - "POST / HTTP/1.1" 200 OK
pgn 1. d4
INFO:src.utils.decorator:Model stdout/stderr:
Cooking move with chess engine...
NN forward (root): 153.0 ms
Top 5 moves from model:
  1. f7f5: 0.0582 (5.82%)
  2. f7f6: 0.0567 (5.67%)
  3. d7d6: 0.0553 (5.53%)
  4. d7d5: 0.0552 (5.52%)
  5. e7e5: 0.0549 (5.49%)
Decision mode: Greedy policy (opening, ply 1)
Using top policy move: f7f5 (prob 0.0582)
Final decision mode: Greedy policy
Selected move: f7f5

INFO:     127.0.0.1:38628 - "POST /move HTTP/1.1" 200 OK
INFO:     127.0.0.1:59774 - "POST / HTTP/1.1" 200 OK
pgn 1. d4
INFO:src.utils.decorator:Model stdout/stderr:
Cooking move with chess engine...
NN forward (root): 159.8 ms
Top 5 moves from model:
  1. f7f5: 0.0582 (5.82%)
  2. f7f6: 0.0567 (5.67%)
  3. d7d6: 0.0553 (5.53%)
  4. d7d5: 0.0552 (5.52%)
  5. e7e5: 0.0549 (5.49%)
Decision mode: Greedy policy (opening, ply 1)
Using top policy move: f7f5 (prob 0.0582)
Final decision mode: Greedy policy
Selected move: f7f5

INFO:     127.0.0.1:59790 - "POST /move HTTP/1.1" 200 OK
INFO:     127.0.0.1:34624 - "POST / HTTP/1.1" 200 OK
pgn 1. d4
INFO:src.utils.decorator:Model stdout/stderr:
Cooking move with chess engine...
NN forward (root): 177.0 ms
Top 5 moves from model:
  1. f7f5: 0.0582 (5.82%)
  2. f7f6: 0.0567 (5.67%)
  3. d7d6: 0.0553 (5.53%)
  4. d7d5: 0.0552 (5.52%)
  5. e7e5: 0.0549 (5.49%)
Decision mode: Greedy policy (opening, ply 1)
Using top policy move: f7f5 (prob 0.0582)
Final decision mode: Greedy policy
Selected move: f7f5

INFO:     127.0.0.1:34634 - "POST /move HTTP/1.1" 200 OK
INFO:     127.0.0.1:41664 - "POST / HTTP/1.1" 200 OK
pgn 1. d4
INFO:src.utils.decorator:Model stdout/stderr:
Cooking move with chess engine...
NN forward (root): 75.7 ms
Top 5 moves from model:
  1. f7f5: 0.0582 (5.82%)
  2. f7f6: 0.0567 (5.67%)
  3. d7d6: 0.0553 (5.53%)
  4. d7d5: 0.0552 (5.52%)
  5. e7e5: 0.0549 (5.49%)
Decision mode: Greedy policy (opening, ply 1)
Using top policy move: f7f5 (prob 0.0582)
Final decision mode: Greedy policy
Selected move: f7f5

INFO:     127.0.0.1:37668 - "POST /move HTTP/1.1" 200 OK
INFO:     127.0.0.1:44876 - "POST / HTTP/1.1" 200 OK
pgn 1. d4
INFO:src.utils.decorator:Model stdout/stderr:
Cooking move with chess engine...
NN forward (root): 178.5 ms
Top 5 moves from model:
  1. f7f5: 0.0582 (5.82%)
  2. f7f6: 0.0567 (5.67%)
  3. d7d6: 0.0553 (5.53%)
  4. d7d5: 0.0552 (5.52%)
  5. e7e5: 0.0549 (5.49%)
Decision mode: Greedy policy (opening, ply 1)
Using top policy move: f7f5 (prob 0.0582)
Final decision mode: Greedy policy
Selected move: f7f5

INFO:     127.0.0.1:44882 - "POST /move HTTP/1.1" 200 OK
INFO:     127.0.0.1:41774 - "POST / HTTP/1.1" 200 OK
pgn 1. d4
INFO:src.utils.decorator:Model stdout/stderr:
Cooking move with chess engine...
NN forward (root): 211.2 ms
Top 5 moves from model:
  1. f7f5: 0.0582 (5.82%)
  2. f7f6: 0.0567 (5.67%)
  3. d7d6: 0.0553 (5.53%)
  4. d7d5: 0.0552 (5.52%)
  5. e7e5: 0.0549 (5.49%)
Decision mode: Greedy policy (opening, ply 1)
Using top policy move: f7f5 (prob 0.0582)
Final decision mode: Greedy policy
Selected move: f7f5

INFO:     127.0.0.1:41790 - "POST /move HTTP/1.1" 200 OK
INFO:     127.0.0.1:53592 - "POST / HTTP/1.1" 200 OK
pgn 1. d4
INFO:src.utils.decorator:Model stdout/stderr:
Cooking move with chess engine...
NN forward (root): 155.6 ms
Top 5 moves from model:
  1. f7f5: 0.0582 (5.82%)
  2. f7f6: 0.0567 (5.67%)
  3. d7d6: 0.0553 (5.53%)
  4. d7d5: 0.0552 (5.52%)
  5. e7e5: 0.0549 (5.49%)
Decision mode: Greedy policy (opening, ply 1)
Using top policy move: f7f5 (prob 0.0582)
Final decision mode: Greedy policy
Selected move: f7f5

INFO:     127.0.0.1:53602 - "POST /move HTTP/1.1" 200 OK
INFO:     127.0.0.1:43054 - "POST / HTTP/1.1" 200 OK
pgn 1. d4 f5 2. Bf4
INFO:src.utils.decorator:Model stdout/stderr:
Cooking move with chess engine...
NN forward (root): 120.8 ms
Top 5 moves from model:
  1. d7d6: 0.0605 (6.05%)
  2. e7e5: 0.0595 (5.95%)
  3. d7d5: 0.0587 (5.87%)
  4. c7c5: 0.0571 (5.71%)
  5. c7c6: 0.0568 (5.68%)
Decision mode: Greedy policy (opening, ply 3)
Using top policy move: d7d6 (prob 0.0605)
Final decision mode: Greedy policy
Selected move: d7d6

INFO:     127.0.0.1:43060 - "POST /move HTTP/1.1" 200 OK
pgn 1. d4 f5 2. Bf4 d6 3. Nf3
INFO:src.utils.decorator:Model stdout/stderr:
Cooking move with chess engine...
NN forward (root): 66.0 ms
Top 5 moves from model:
  1. e7e5: 0.0495 (4.95%)
  2. c7c5: 0.0494 (4.94%)
  3. c7c6: 0.0491 (4.91%)
  4. h7h6: 0.0479 (4.79%)
  5. e7e6: 0.0477 (4.77%)
Decision mode: Greedy policy (opening, ply 5)
Using top policy move: e7e5 (prob 0.0495)
Final decision mode: Greedy policy
Selected move: e7e5

INFO:     127.0.0.1:43060 - "POST /move HTTP/1.1" 200 OK
INFO:     127.0.0.1:43062 - "POST / HTTP/1.1" 200 OK
pgn 1. d4 f5 2. Bf4 d6 3. Nf3 e5 4. e3
INFO:src.utils.decorator:Model stdout/stderr:
Cooking move with chess engine...
NN forward (root): 193.9 ms
Top 5 moves from model:
  1. d8h4: 0.0388 (3.88%)
  2. e8e7: 0.0385 (3.85%)
  3. c7c5: 0.0379 (3.79%)
  4. c7c6: 0.0370 (3.70%)
  5. h7h5: 0.0352 (3.52%)
Decision mode: Greedy policy (opening, ply 7)
Using top policy move: d8h4 (prob 0.0388)
Final decision mode: Greedy policy
Selected move: d8h4

INFO:     127.0.0.1:43060 - "POST /move HTTP/1.1" 200 OK
INFO:     127.0.0.1:49500 - "POST / HTTP/1.1" 200 OK
pgn 1. d4
INFO:src.utils.decorator:Model stdout/stderr:
Cooking move with chess engine...
NN forward (root): 176.9 ms
Top 5 moves from model:
  1. f7f5: 0.0582 (5.82%)
  2. f7f6: 0.0567 (5.67%)
  3. d7d6: 0.0553 (5.53%)
  4. d7d5: 0.0552 (5.52%)
  5. e7e5: 0.0549 (5.49%)
Decision mode: Greedy policy (opening, ply 1)
Using top policy move: f7f5 (prob 0.0582)
Final decision mode: Greedy policy
Selected move: f7f5

INFO:     127.0.0.1:49512 - "POST /move HTTP/1.1" 200 OK
INFO:     127.0.0.1:42072 - "POST / HTTP/1.1" 200 OK
pgn 1. e4
INFO:src.utils.decorator:Model stdout/stderr:
Cooking move with chess engine...
NN forward (root): 172.5 ms
Top 5 moves from model:
  1. f7f5: 0.0578 (5.78%)
  2. f7f6: 0.0570 (5.70%)
  3. d7d5: 0.0552 (5.52%)
  4. d7d6: 0.0551 (5.51%)
  5. c7c6: 0.0535 (5.35%)
Decision mode: Greedy policy (opening, ply 1)
Using top policy move: f7f5 (prob 0.0578)
Final decision mode: Greedy policy
Selected move: f7f5

INFO:     127.0.0.1:42076 - "POST /move HTTP/1.1" 200 OK
INFO:     127.0.0.1:57962 - "POST / HTTP/1.1" 200 OK
pgn 1. d4
INFO:src.utils.decorator:Model stdout/stderr:
Cooking move with chess engine...
NN forward (root): 194.8 ms
Top 5 moves from model:
  1. f7f5: 0.0582 (5.82%)
  2. f7f6: 0.0567 (5.67%)
  3. d7d6: 0.0553 (5.53%)
  4. d7d5: 0.0552 (5.52%)
  5. e7e5: 0.0549 (5.49%)
Decision mode: Greedy policy (opening, ply 1)
Using top policy move: f7f5 (prob 0.0582)
Final decision mode: Greedy policy
Selected move: f7f5

INFO:     127.0.0.1:57970 - "POST /move HTTP/1.1" 200 OK
INFO:     127.0.0.1:57976 - "POST / HTTP/1.1" 200 OK
pgn 1. d4 f5 2. Nc3
INFO:src.utils.decorator:Model stdout/stderr:
Cooking move with chess engine...
NN forward (root): 56.1 ms
Top 5 moves from model:
  1. d7d5: 0.0564 (5.64%)
  2. d7d6: 0.0562 (5.62%)
  3. e7e5: 0.0556 (5.56%)
  4. c7c5: 0.0545 (5.45%)
  5. c7c6: 0.0535 (5.35%)
Decision mode: Greedy policy (opening, ply 3)
Using top policy move: d7d5 (prob 0.0564)
Final decision mode: Greedy policy
Selected move: d7d5

INFO:     127.0.0.1:57970 - "POST /move HTTP/1.1" 200 OK
INFO:     127.0.0.1:56516 - "POST / HTTP/1.1" 200 OK
pgn 1. d4 f5 2. Nc3 d5 3. Bf4
INFO:src.utils.decorator:Model stdout/stderr:
Cooking move with chess engine...
NN forward (root): 192.7 ms
Top 5 moves from model:
  1. e7e5: 0.0515 (5.15%)
  2. c7c5: 0.0495 (4.95%)
  3. c7c6: 0.0474 (4.74%)
  4. h7h5: 0.0474 (4.74%)
  5. h7h6: 0.0470 (4.70%)
Decision mode: Greedy policy (opening, ply 5)
Using top policy move: e7e5 (prob 0.0515)
Final decision mode: Greedy policy
Selected move: e7e5

INFO:     127.0.0.1:56520 - "POST /move HTTP/1.1" 200 OK
INFO:     127.0.0.1:54640 - "POST / HTTP/1.1" 200 OK
pgn 1. d4
INFO:src.utils.decorator:Model stdout/stderr:
Cooking move with chess engine...
NN forward (root): 406.8 ms
Top 5 moves from model:
  1. f7f5: 0.0582 (5.82%)
  2. f7f6: 0.0567 (5.67%)
  3. d7d6: 0.0553 (5.53%)
  4. d7d5: 0.0552 (5.52%)
  5. e7e5: 0.0549 (5.49%)
Decision mode: Greedy policy (opening, ply 1)
Using top policy move: f7f5 (prob 0.0582)
Final decision mode: Greedy policy
Selected move: f7f5

INFO:     127.0.0.1:54644 - "POST /move HTTP/1.1" 200 OK
pgn 1. d4 f5 2. Nf3
INFO:src.utils.decorator:Model stdout/stderr:
Cooking move with chess engine...
NN forward (root): 232.8 ms
Top 5 moves from model:
  1. e7e5: 0.0575 (5.75%)
  2. d7d6: 0.0566 (5.66%)
  3. d7d5: 0.0561 (5.61%)
  4. c7c5: 0.0537 (5.37%)
  5. c7c6: 0.0537 (5.37%)
Decision mode: Greedy policy (opening, ply 3)
Using top policy move: e7e5 (prob 0.0575)
Final decision mode: Greedy policy
Selected move: e7e5

INFO:     127.0.0.1:54644 - "POST /move HTTP/1.1" 200 OK
INFO:     127.0.0.1:39718 - "POST / HTTP/1.1" 200 OK
pgn 1. d4
INFO:src.utils.decorator:Model stdout/stderr:
Cooking move with chess engine...
NN forward (root): 171.2 ms
Top 5 moves from model:
  1. f7f5: 0.0582 (5.82%)
  2. f7f6: 0.0567 (5.67%)
  3. d7d6: 0.0553 (5.53%)
  4. d7d5: 0.0552 (5.52%)
  5. e7e5: 0.0549 (5.49%)
Decision mode: Greedy policy (opening, ply 1)
Using top policy move: f7f5 (prob 0.0582)
Final decision mode: Greedy policy
Selected move: f7f5

INFO:     127.0.0.1:39720 - "POST /move HTTP/1.1" 200 OK
INFO:     127.0.0.1:41384 - "POST / HTTP/1.1" 200 OK
pgn 1. d4
INFO:src.utils.decorator:Model stdout/stderr:
Cooking move with chess engine...
NN forward (root): 182.1 ms
Top 5 moves from model:
  1. f7f5: 0.0582 (5.82%)
  2. f7f6: 0.0567 (5.67%)
  3. d7d6: 0.0553 (5.53%)
  4. d7d5: 0.0552 (5.52%)
  5. e7e5: 0.0549 (5.49%)
Decision mode: Greedy policy (opening, ply 1)
Using top policy move: f7f5 (prob 0.0582)
Final decision mode: Greedy policy
Selected move: f7f5

INFO:     127.0.0.1:41386 - "POST /move HTTP/1.1" 200 OK
INFO:     Shutting down
INFO:     Waiting for application shutdown.
INFO:     Application shutdown complete.
INFO:     Finished server process [589606]
